// Jest Snapshot v1, https://goo.gl/fbAQLP

exports[`when merging two objects and a source property has a $comment indicator it should not merge the $comment property 1`] = `
"{
	\\"a\\": {
		\\"aa\\": \\"original\\"
	}
}"
`;
