// Jest Snapshot v1, https://goo.gl/fbAQLP

exports[`when merging two objects and a source property has a $concat indicator it should concat even if both values are not arrays 1`] = `
"{
	"a": [
		1,
		2
	]
}"
`;

exports[`when merging two objects and a source property has a $concat indicator it should concat even if one value is not an array 1`] = `
"{
	"a": [
		1,
		2
	]
}"
`;

exports[`when merging two objects and a source property has a $concat indicator it should concat the source property with the target 1`] = `
"{
	"a": [
		1,
		2,
		3,
		4
	]
}"
`;
